// Jest Snapshot v1, https://goo.gl/fbAQLP

exports[`Gilded Rose Approval should foo 1`] = `
[
  Item {
    "name": "foo",
    "quality": 0,
    "sellIn": -1,
  },
]
`;

exports[`Gilded Rose Approval should thirtyDays 1`] = `
"OMGHAI!
-------- day 0 --------
name, sellIn, quality
+5 Dexterity Vest, 10, 20
Aged Brie, 2, 0
Elixir of the Mongoose, 5, 7
Sulfuras, Hand of Ragnaros, 0, 80
Sulfuras, Hand of Ragnaros, -1, 80
Backstage passes to a TAFKAL80ETC concert, 15, 20
Backstage passes to a TAFKAL80ETC concert, 10, 49
Backstage passes to a TAFKAL80ETC concert, 5, 49
Conjured Mana Cake, 3, 6

-------- day 1 --------
name, sellIn, quality
+5 Dexterity Vest, 9, 19
Aged Brie, 1, 1
Elixir of the Mongoose, 4, 6
Sulfuras, Hand of Ragnaros, 0, 80
Sulfuras, Hand of Ragnaros, -1, 80
Backstage passes to a TAFKAL80ETC concert, 15, 21
Backstage passes to a TAFKAL80ETC concert, 10, 51
Backstage passes to a TAFKAL80ETC concert, 5, 51
Conjured Mana Cake, 2, 5

-------- day 2 --------
name, sellIn, quality
+5 Dexterity Vest, 8, 18
Aged Brie, 0, 2
Elixir of the Mongoose, 3, 5
Sulfuras, Hand of Ragnaros, 0, 80
Sulfuras, Hand of Ragnaros, -1, 80
Backstage passes to a TAFKAL80ETC concert, 15, 22
Backstage passes to a TAFKAL80ETC concert, 10, 52
Backstage passes to a TAFKAL80ETC concert, 5, 52
Conjured Mana Cake, 1, 4

-------- day 3 --------
name, sellIn, quality
+5 Dexterity Vest, 7, 17
Aged Brie, -1, 4
Elixir of the Mongoose, 2, 4
Sulfuras, Hand of Ragnaros, 0, 80
Sulfuras, Hand of Ragnaros, -1, 80
Backstage passes to a TAFKAL80ETC concert, 15, 23
Backstage passes to a TAFKAL80ETC concert, 10, 53
Backstage passes to a TAFKAL80ETC concert, 5, 53
Conjured Mana Cake, 0, 3

-------- day 4 --------
name, sellIn, quality
+5 Dexterity Vest, 6, 16
Aged Brie, -2, 6
Elixir of the Mongoose, 1, 3
Sulfuras, Hand of Ragnaros, 0, 80
Sulfuras, Hand of Ragnaros, -1, 80
Backstage passes to a TAFKAL80ETC concert, 15, 24
Backstage passes to a TAFKAL80ETC concert, 10, 54
Backstage passes to a TAFKAL80ETC concert, 5, 54
Conjured Mana Cake, -1, 1

-------- day 5 --------
name, sellIn, quality
+5 Dexterity Vest, 5, 15
Aged Brie, -3, 8
Elixir of the Mongoose, 0, 2
Sulfuras, Hand of Ragnaros, 0, 80
Sulfuras, Hand of Ragnaros, -1, 80
Backstage passes to a TAFKAL80ETC concert, 15, 25
Backstage passes to a TAFKAL80ETC concert, 10, 55
Backstage passes to a TAFKAL80ETC concert, 5, 55
Conjured Mana Cake, -2, 0

-------- day 6 --------
name, sellIn, quality
+5 Dexterity Vest, 4, 14
Aged Brie, -4, 10
Elixir of the Mongoose, -1, 0
Sulfuras, Hand of Ragnaros, 0, 80
Sulfuras, Hand of Ragnaros, -1, 80
Backstage passes to a TAFKAL80ETC concert, 15, 26
Backstage passes to a TAFKAL80ETC concert, 10, 56
Backstage passes to a TAFKAL80ETC concert, 5, 56
Conjured Mana Cake, -3, 0

-------- day 7 --------
name, sellIn, quality
+5 Dexterity Vest, 3, 13
Aged Brie, -5, 12
Elixir of the Mongoose, -2, 0
Sulfuras, Hand of Ragnaros, 0, 80
Sulfuras, Hand of Ragnaros, -1, 80
Backstage passes to a TAFKAL80ETC concert, 15, 27
Backstage passes to a TAFKAL80ETC concert, 10, 57
Backstage passes to a TAFKAL80ETC concert, 5, 57
Conjured Mana Cake, -4, 0

-------- day 8 --------
name, sellIn, quality
+5 Dexterity Vest, 2, 12
Aged Brie, -6, 14
Elixir of the Mongoose, -3, 0
Sulfuras, Hand of Ragnaros, 0, 80
Sulfuras, Hand of Ragnaros, -1, 80
Backstage passes to a TAFKAL80ETC concert, 15, 28
Backstage passes to a TAFKAL80ETC concert, 10, 58
Backstage passes to a TAFKAL80ETC concert, 5, 58
Conjured Mana Cake, -5, 0

-------- day 9 --------
name, sellIn, quality
+5 Dexterity Vest, 1, 11
Aged Brie, -7, 16
Elixir of the Mongoose, -4, 0
Sulfuras, Hand of Ragnaros, 0, 80
Sulfuras, Hand of Ragnaros, -1, 80
Backstage passes to a TAFKAL80ETC concert, 15, 29
Backstage passes to a TAFKAL80ETC concert, 10, 59
Backstage passes to a TAFKAL80ETC concert, 5, 59
Conjured Mana Cake, -6, 0

-------- day 10 --------
name, sellIn, quality
+5 Dexterity Vest, 0, 10
Aged Brie, -8, 18
Elixir of the Mongoose, -5, 0
Sulfuras, Hand of Ragnaros, 0, 80
Sulfuras, Hand of Ragnaros, -1, 80
Backstage passes to a TAFKAL80ETC concert, 15, 30
Backstage passes to a TAFKAL80ETC concert, 10, 60
Backstage passes to a TAFKAL80ETC concert, 5, 60
Conjured Mana Cake, -7, 0

-------- day 11 --------
name, sellIn, quality
+5 Dexterity Vest, -1, 8
Aged Brie, -9, 20
Elixir of the Mongoose, -6, 0
Sulfuras, Hand of Ragnaros, 0, 80
Sulfuras, Hand of Ragnaros, -1, 80
Backstage passes to a TAFKAL80ETC concert, 15, 31
Backstage passes to a TAFKAL80ETC concert, 10, 61
Backstage passes to a TAFKAL80ETC concert, 5, 61
Conjured Mana Cake, -8, 0

-------- day 12 --------
name, sellIn, quality
+5 Dexterity Vest, -2, 6
Aged Brie, -10, 22
Elixir of the Mongoose, -7, 0
Sulfuras, Hand of Ragnaros, 0, 80
Sulfuras, Hand of Ragnaros, -1, 80
Backstage passes to a TAFKAL80ETC concert, 15, 32
Backstage passes to a TAFKAL80ETC concert, 10, 62
Backstage passes to a TAFKAL80ETC concert, 5, 62
Conjured Mana Cake, -9, 0

-------- day 13 --------
name, sellIn, quality
+5 Dexterity Vest, -3, 4
Aged Brie, -11, 24
Elixir of the Mongoose, -8, 0
Sulfuras, Hand of Ragnaros, 0, 80
Sulfuras, Hand of Ragnaros, -1, 80
Backstage passes to a TAFKAL80ETC concert, 15, 33
Backstage passes to a TAFKAL80ETC concert, 10, 63
Backstage passes to a TAFKAL80ETC concert, 5, 63
Conjured Mana Cake, -10, 0

-------- day 14 --------
name, sellIn, quality
+5 Dexterity Vest, -4, 2
Aged Brie, -12, 26
Elixir of the Mongoose, -9, 0
Sulfuras, Hand of Ragnaros, 0, 80
Sulfuras, Hand of Ragnaros, -1, 80
Backstage passes to a TAFKAL80ETC concert, 15, 34
Backstage passes to a TAFKAL80ETC concert, 10, 64
Backstage passes to a TAFKAL80ETC concert, 5, 64
Conjured Mana Cake, -11, 0

-------- day 15 --------
name, sellIn, quality
+5 Dexterity Vest, -5, 0
Aged Brie, -13, 28
Elixir of the Mongoose, -10, 0
Sulfuras, Hand of Ragnaros, 0, 80
Sulfuras, Hand of Ragnaros, -1, 80
Backstage passes to a TAFKAL80ETC concert, 15, 35
Backstage passes to a TAFKAL80ETC concert, 10, 65
Backstage passes to a TAFKAL80ETC concert, 5, 65
Conjured Mana Cake, -12, 0

-------- day 16 --------
name, sellIn, quality
+5 Dexterity Vest, -6, 0
Aged Brie, -14, 30
Elixir of the Mongoose, -11, 0
Sulfuras, Hand of Ragnaros, 0, 80
Sulfuras, Hand of Ragnaros, -1, 80
Backstage passes to a TAFKAL80ETC concert, 15, 36
Backstage passes to a TAFKAL80ETC concert, 10, 66
Backstage passes to a TAFKAL80ETC concert, 5, 66
Conjured Mana Cake, -13, 0

-------- day 17 --------
name, sellIn, quality
+5 Dexterity Vest, -7, 0
Aged Brie, -15, 32
Elixir of the Mongoose, -12, 0
Sulfuras, Hand of Ragnaros, 0, 80
Sulfuras, Hand of Ragnaros, -1, 80
Backstage passes to a TAFKAL80ETC concert, 15, 37
Backstage passes to a TAFKAL80ETC concert, 10, 67
Backstage passes to a TAFKAL80ETC concert, 5, 67
Conjured Mana Cake, -14, 0

-------- day 18 --------
name, sellIn, quality
+5 Dexterity Vest, -8, 0
Aged Brie, -16, 34
Elixir of the Mongoose, -13, 0
Sulfuras, Hand of Ragnaros, 0, 80
Sulfuras, Hand of Ragnaros, -1, 80
Backstage passes to a TAFKAL80ETC concert, 15, 38
Backstage passes to a TAFKAL80ETC concert, 10, 68
Backstage passes to a TAFKAL80ETC concert, 5, 68
Conjured Mana Cake, -15, 0

-------- day 19 --------
name, sellIn, quality
+5 Dexterity Vest, -9, 0
Aged Brie, -17, 36
Elixir of the Mongoose, -14, 0
Sulfuras, Hand of Ragnaros, 0, 80
Sulfuras, Hand of Ragnaros, -1, 80
Backstage passes to a TAFKAL80ETC concert, 15, 39
Backstage passes to a TAFKAL80ETC concert, 10, 69
Backstage passes to a TAFKAL80ETC concert, 5, 69
Conjured Mana Cake, -16, 0

-------- day 20 --------
name, sellIn, quality
+5 Dexterity Vest, -10, 0
Aged Brie, -18, 38
Elixir of the Mongoose, -15, 0
Sulfuras, Hand of Ragnaros, 0, 80
Sulfuras, Hand of Ragnaros, -1, 80
Backstage passes to a TAFKAL80ETC concert, 15, 40
Backstage passes to a TAFKAL80ETC concert, 10, 70
Backstage passes to a TAFKAL80ETC concert, 5, 70
Conjured Mana Cake, -17, 0

-------- day 21 --------
name, sellIn, quality
+5 Dexterity Vest, -11, 0
Aged Brie, -19, 40
Elixir of the Mongoose, -16, 0
Sulfuras, Hand of Ragnaros, 0, 80
Sulfuras, Hand of Ragnaros, -1, 80
Backstage passes to a TAFKAL80ETC concert, 15, 41
Backstage passes to a TAFKAL80ETC concert, 10, 71
Backstage passes to a TAFKAL80ETC concert, 5, 71
Conjured Mana Cake, -18, 0

-------- day 22 --------
name, sellIn, quality
+5 Dexterity Vest, -12, 0
Aged Brie, -20, 42
Elixir of the Mongoose, -17, 0
Sulfuras, Hand of Ragnaros, 0, 80
Sulfuras, Hand of Ragnaros, -1, 80
Backstage passes to a TAFKAL80ETC concert, 15, 42
Backstage passes to a TAFKAL80ETC concert, 10, 72
Backstage passes to a TAFKAL80ETC concert, 5, 72
Conjured Mana Cake, -19, 0

-------- day 23 --------
name, sellIn, quality
+5 Dexterity Vest, -13, 0
Aged Brie, -21, 44
Elixir of the Mongoose, -18, 0
Sulfuras, Hand of Ragnaros, 0, 80
Sulfuras, Hand of Ragnaros, -1, 80
Backstage passes to a TAFKAL80ETC concert, 15, 43
Backstage passes to a TAFKAL80ETC concert, 10, 73
Backstage passes to a TAFKAL80ETC concert, 5, 73
Conjured Mana Cake, -20, 0

-------- day 24 --------
name, sellIn, quality
+5 Dexterity Vest, -14, 0
Aged Brie, -22, 46
Elixir of the Mongoose, -19, 0
Sulfuras, Hand of Ragnaros, 0, 80
Sulfuras, Hand of Ragnaros, -1, 80
Backstage passes to a TAFKAL80ETC concert, 15, 44
Backstage passes to a TAFKAL80ETC concert, 10, 74
Backstage passes to a TAFKAL80ETC concert, 5, 74
Conjured Mana Cake, -21, 0

-------- day 25 --------
name, sellIn, quality
+5 Dexterity Vest, -15, 0
Aged Brie, -23, 48
Elixir of the Mongoose, -20, 0
Sulfuras, Hand of Ragnaros, 0, 80
Sulfuras, Hand of Ragnaros, -1, 80
Backstage passes to a TAFKAL80ETC concert, 15, 45
Backstage passes to a TAFKAL80ETC concert, 10, 75
Backstage passes to a TAFKAL80ETC concert, 5, 75
Conjured Mana Cake, -22, 0

-------- day 26 --------
name, sellIn, quality
+5 Dexterity Vest, -16, 0
Aged Brie, -24, 50
Elixir of the Mongoose, -21, 0
Sulfuras, Hand of Ragnaros, 0, 80
Sulfuras, Hand of Ragnaros, -1, 80
Backstage passes to a TAFKAL80ETC concert, 15, 46
Backstage passes to a TAFKAL80ETC concert, 10, 76
Backstage passes to a TAFKAL80ETC concert, 5, 76
Conjured Mana Cake, -23, 0

-------- day 27 --------
name, sellIn, quality
+5 Dexterity Vest, -17, 0
Aged Brie, -25, 50
Elixir of the Mongoose, -22, 0
Sulfuras, Hand of Ragnaros, 0, 80
Sulfuras, Hand of Ragnaros, -1, 80
Backstage passes to a TAFKAL80ETC concert, 15, 47
Backstage passes to a TAFKAL80ETC concert, 10, 77
Backstage passes to a TAFKAL80ETC concert, 5, 77
Conjured Mana Cake, -24, 0

-------- day 28 --------
name, sellIn, quality
+5 Dexterity Vest, -18, 0
Aged Brie, -26, 50
Elixir of the Mongoose, -23, 0
Sulfuras, Hand of Ragnaros, 0, 80
Sulfuras, Hand of Ragnaros, -1, 80
Backstage passes to a TAFKAL80ETC concert, 15, 48
Backstage passes to a TAFKAL80ETC concert, 10, 78
Backstage passes to a TAFKAL80ETC concert, 5, 78
Conjured Mana Cake, -25, 0

-------- day 29 --------
name, sellIn, quality
+5 Dexterity Vest, -19, 0
Aged Brie, -27, 50
Elixir of the Mongoose, -24, 0
Sulfuras, Hand of Ragnaros, 0, 80
Sulfuras, Hand of Ragnaros, -1, 80
Backstage passes to a TAFKAL80ETC concert, 15, 49
Backstage passes to a TAFKAL80ETC concert, 10, 79
Backstage passes to a TAFKAL80ETC concert, 5, 79
Conjured Mana Cake, -26, 0

-------- day 30 --------
name, sellIn, quality
+5 Dexterity Vest, -20, 0
Aged Brie, -28, 50
Elixir of the Mongoose, -25, 0
Sulfuras, Hand of Ragnaros, 0, 80
Sulfuras, Hand of Ragnaros, -1, 80
Backstage passes to a TAFKAL80ETC concert, 15, 50
Backstage passes to a TAFKAL80ETC concert, 10, 80
Backstage passes to a TAFKAL80ETC concert, 5, 80
Conjured Mana Cake, -27, 0

"
`;
